src/app/[locale]/booking/[slug]/gemini/BookingWizard.tsx(10,30): error TS2307: Cannot find module '@/lib/tax-engine' or its corresponding type declarations.
src/app/[locale]/booking/[slug]/gemini/BookingWizard.tsx(11,33): error TS2307: Cannot find module '@/types' or its corresponding type declarations.
src/app/[locale]/booking/[slug]/gemini/page.tsx(2,35): error TS2307: Cannot find module '@/lib/supabase/admin' or its corresponding type declarations.
